 
****************************************
Report : power
        -hier
        -analysis_effort low
Design : pe_tile_new_unq1
Version: L-2016.03-SP5-5
Date   : Tue Oct  1 02:55:35 2019
****************************************


Library(s) Used:

    tcbn40lpbwptc (File: /tsmc40r/pdk/2019.05.21_TSMC/tcbn40lpbwp_200a/tcbn40lpbwp_200a_nldm/TSMCHOME/digital/Front_End/timing_power_noise/NLDM/tcbn40lpbwp_200a/tcbn40lpbwptc.db)


Operating Conditions: NCCOM   Library: tcbn40lpbwptc
Wire Load Model Mode: Inactive.


Global Operating Voltage = 1.1  
Power-specific unit information :
    Voltage Units = 1V
    Capacitance Units = 1.000000pf
    Time Units = 1ns
    Dynamic Power Units = 1mW    (derived from V,C,T units)
    Leakage Power Units = 1nW


--------------------------------------------------------------------------------
                                       Switch   Int      Leak     Total
Hierarchy                              Power    Power    Power    Power    %
--------------------------------------------------------------------------------
pe_tile_new_unq1                          1.256    1.413 1.23e+03    2.670 100.0
  test_pe (test_pe_unq1_0)                0.244    0.354  502.321    0.598  22.4
    test_debug_bit (test_debug_reg_DataWidth1_0)
                                       2.00e-05 2.84e-03    0.755 2.86e-03   0.1
    test_debug_data (test_debug_reg_DataWidth16_0)
                                       1.07e-03 5.33e-03    9.373 6.41e-03   0.2
    test_lut (test_lut_DataWidth1_0)   3.01e-05 2.67e-03    3.348 2.70e-03   0.1
    test_pe_comp (test_pe_comp_unq1_0)    0.212    0.307  382.301    0.519  19.4
      test_shifter (test_shifter_unq1_DataWidth16_0)
                                       7.85e-03 7.70e-03   13.894 1.56e-02   0.6
      test_mult_add (test_mult_add_DataWidth16_0)
                                          0.179    0.269  276.410    0.448  16.8
      cmpr (test_cmpr_0)               4.62e-04 2.75e-04    2.444 7.39e-04   0.0
      GEN_ADD[0].full_add (test_full_add_DataWidth16_0)
                                       6.26e-03 7.28e-03   12.977 1.35e-02   0.5
    test_opt_reg_f (test_opt_reg_DataWidth1_4)
                                       4.03e-08 2.69e-03    0.945 2.69e-03   0.1
    test_opt_reg_e (test_opt_reg_DataWidth1_5)
                                       1.18e-06 2.69e-03    0.952 2.69e-03   0.1
    test_opt_reg_d (test_opt_reg_DataWidth1_3)
                                       4.28e-05 2.66e-03    1.418 2.70e-03   0.1
    test_opt_reg_file (test_opt_reg_file_DataWidth16_0)
                                       7.84e-03 7.37e-03   28.042 1.52e-02   0.6
    test_opt_reg_a (test_opt_reg_DataWidth16_0)
                                       7.46e-03 8.43e-03   29.587 1.59e-02   0.6
  sb_1b (sb_unq2_0)                    2.16e-02 6.41e-02   84.889 8.58e-02   3.2
  sb_wide (sb_unq1_0)                     0.967    0.953  416.120    1.921  71.9
  cb_cg_en (cb_unq2_7)                 1.50e-03 3.39e-03   12.679 4.90e-03   0.2
  cb_bit2 (cb_unq2_6)                  1.63e-03 3.45e-03   12.725 5.09e-03   0.2
  cb_bit1 (cb_unq2_5)                  1.68e-03 3.42e-03   12.726 5.11e-03   0.2
  cb_bit0 (cb_unq2_4)                  1.44e-03 3.39e-03   14.407 4.84e-03   0.2
  cb_data1 (cb_unq1_3)                 6.41e-03 1.11e-02   60.179 1.76e-02   0.7
  cb_data0 (cb_unq1_2)                 1.01e-02 1.40e-02   77.363 2.42e-02   0.9
1
