****************************************
Report : Averaged Power
	-nosplit
Design : pe_tile_new_unq1
Version: Q-2019.12-SP2
Date   : Wed Apr 14 20:06:21 2021
****************************************



  Attributes
  ----------
      i  -  Including register clock pin internal power
      u  -  User defined power group

                        Internal  Switching  Leakage    Total
Power Group             Power     Power      Power      Power   (     %)  Attrs
--------------------------------------------------------------------------------
clock_network           2.556e-04 7.571e-05 2.568e-08 3.314e-04 (51.95%)  i
register                1.259e-05 1.843e-05 2.632e-07 3.128e-05 ( 4.90%)  
combinational           6.357e-05 2.105e-04 1.135e-06 2.752e-04 (43.14%)  
sequential                 0.0000    0.0000    0.0000    0.0000 ( 0.00%)  
memory                     0.0000    0.0000    0.0000    0.0000 ( 0.00%)  
io_pad                     0.0000    0.0000    0.0000    0.0000 ( 0.00%)  
black_box                  0.0000    0.0000    0.0000    0.0000 ( 0.00%)  

  Net Switching Power  = 3.046e-04   (47.76%)
  Cell Internal Power  = 3.318e-04   (52.02%)
  Cell Leakage Power   = 1.424e-06   ( 0.22%)
                         ---------
Total Power            = 6.378e-04  (100.00%)

1
