****************************************
Report : Averaged Power
	-nosplit
Design : pe_tile_new_unq1
Version: Q-2019.12-SP2
Date   : Wed Apr 14 16:26:46 2021
****************************************



  Attributes
  ----------
      i  -  Including register clock pin internal power
      u  -  User defined power group

                        Internal  Switching  Leakage    Total
Power Group             Power     Power      Power      Power   (     %)  Attrs
--------------------------------------------------------------------------------
clock_network           2.539e-04 7.432e-05 2.431e-08 3.282e-04 (53.37%)  i
register                1.306e-05 1.546e-05 2.671e-07 2.879e-05 ( 4.68%)  
combinational           5.785e-05 1.994e-04 6.819e-07 2.580e-04 (41.95%)  
sequential                 0.0000    0.0000    0.0000    0.0000 ( 0.00%)  
memory                     0.0000    0.0000    0.0000    0.0000 ( 0.00%)  
io_pad                     0.0000    0.0000    0.0000    0.0000 ( 0.00%)  
black_box                  0.0000    0.0000    0.0000    0.0000 ( 0.00%)  

  Net Switching Power  = 2.892e-04   (47.03%)
  Cell Internal Power  = 3.248e-04   (52.82%)
  Cell Leakage Power   = 9.733e-07   ( 0.16%)
                         ---------
Total Power            = 6.150e-04  (100.00%)

1
