****************************************
Report : Averaged Power
	-nosplit
Design : pe_tile_new_unq1
Version: Q-2019.12-SP2
Date   : Mon May  3 16:49:57 2021
****************************************



  Attributes
  ----------
      i  -  Including register clock pin internal power
      u  -  User defined power group

                        Internal  Switching  Leakage    Total
Power Group             Power     Power      Power      Power   (     %)  Attrs
--------------------------------------------------------------------------------
clock_network           2.512e-04 7.487e-05 2.485e-08 3.261e-04 (60.90%)  i
register                1.039e-05 8.253e-06 2.441e-07 1.888e-05 ( 3.53%)  
combinational           4.094e-05 1.491e-04 4.242e-07 1.905e-04 (35.57%)  
sequential                 0.0000    0.0000    0.0000    0.0000 ( 0.00%)  
memory                     0.0000    0.0000    0.0000    0.0000 ( 0.00%)  
io_pad                     0.0000    0.0000    0.0000    0.0000 ( 0.00%)  
black_box                  0.0000    0.0000    0.0000    0.0000 ( 0.00%)  

  Net Switching Power  = 2.322e-04   (43.37%)
  Cell Internal Power  = 3.025e-04   (56.50%)
  Cell Leakage Power   = 6.931e-07   ( 0.13%)
                         ---------
Total Power            = 5.354e-04  (100.00%)

1
