****************************************
Report : Averaged Power
	-nosplit
Design : pe_tile_new_unq1
Version: Q-2019.12-SP2
Date   : Mon May  3 23:48:14 2021
****************************************



  Attributes
  ----------
      i  -  Including register clock pin internal power
      u  -  User defined power group

                        Internal  Switching  Leakage    Total
Power Group             Power     Power      Power      Power   (     %)  Attrs
--------------------------------------------------------------------------------
clock_network           2.528e-04 7.301e-05 2.478e-08 3.259e-04 (50.22%)  i
register                1.301e-05 1.572e-05 2.412e-07 2.897e-05 ( 4.46%)  
combinational           5.401e-05 2.396e-04 4.812e-07 2.941e-04 (45.32%)  
sequential                 0.0000    0.0000    0.0000    0.0000 ( 0.00%)  
memory                     0.0000    0.0000    0.0000    0.0000 ( 0.00%)  
io_pad                     0.0000    0.0000    0.0000    0.0000 ( 0.00%)  
black_box                  0.0000    0.0000    0.0000    0.0000 ( 0.00%)  

  Net Switching Power  = 3.283e-04   (50.60%)
  Cell Internal Power  = 3.199e-04   (49.29%)
  Cell Leakage Power   = 7.472e-07   ( 0.12%)
                         ---------
Total Power            = 6.490e-04  (100.00%)

1
