****************************************
Report : Averaged Power
	-nosplit
Design : pe_tile_new_unq1
Version: Q-2019.12-SP2
Date   : Wed Apr 14 16:48:53 2021
****************************************



  Attributes
  ----------
      i  -  Including register clock pin internal power
      u  -  User defined power group

                        Internal  Switching  Leakage    Total
Power Group             Power     Power      Power      Power   (     %)  Attrs
--------------------------------------------------------------------------------
clock_network           2.537e-04 7.523e-05 2.567e-08 3.290e-04 (55.10%)  i
register                9.842e-06 1.501e-05 2.631e-07 2.511e-05 ( 4.21%)  
combinational           5.466e-05 1.872e-04 1.135e-06 2.430e-04 (40.70%)  
sequential                 0.0000    0.0000    0.0000    0.0000 ( 0.00%)  
memory                     0.0000    0.0000    0.0000    0.0000 ( 0.00%)  
io_pad                     0.0000    0.0000    0.0000    0.0000 ( 0.00%)  
black_box                  0.0000    0.0000    0.0000    0.0000 ( 0.00%)  

  Net Switching Power  = 2.774e-04   (46.46%)
  Cell Internal Power  = 3.182e-04   (53.30%)
  Cell Leakage Power   = 1.424e-06   ( 0.24%)
                         ---------
Total Power            = 5.971e-04  (100.00%)

1
