****************************************
Report : Averaged Power
	-nosplit
Design : pe_tile_new_unq1
Version: Q-2019.12-SP2
Date   : Wed Apr 14 11:56:32 2021
****************************************



  Attributes
  ----------
      i  -  Including register clock pin internal power
      u  -  User defined power group

                        Internal  Switching  Leakage    Total
Power Group             Power     Power      Power      Power   (     %)  Attrs
--------------------------------------------------------------------------------
clock_network           2.520e-04 7.384e-05 2.430e-08 3.259e-04 (57.20%)  i
register                1.041e-05 1.294e-05 2.670e-07 2.362e-05 ( 4.15%)  
combinational           4.610e-05 1.735e-04 6.828e-07 2.202e-04 (38.66%)  
sequential                 0.0000    0.0000    0.0000    0.0000 ( 0.00%)  
memory                     0.0000    0.0000    0.0000    0.0000 ( 0.00%)  
io_pad                     0.0000    0.0000    0.0000    0.0000 ( 0.00%)  
black_box                  0.0000    0.0000    0.0000    0.0000 ( 0.00%)  

  Net Switching Power  = 2.602e-04   (45.68%)
  Cell Internal Power  = 3.085e-04   (54.15%)
  Cell Leakage Power   = 9.742e-07   ( 0.17%)
                         ---------
Total Power            = 5.697e-04  (100.00%)

1
