****************************************
Report : Averaged Power
	-nosplit
Design : pe_tile_new_unq1
Version: Q-2019.12-SP2
Date   : Wed Apr 14 12:29:42 2021
****************************************



  Attributes
  ----------
      i  -  Including register clock pin internal power
      u  -  User defined power group

                        Internal  Switching  Leakage    Total
Power Group             Power     Power      Power      Power   (     %)  Attrs
--------------------------------------------------------------------------------
clock_network           2.546e-04 7.452e-05 2.432e-08 3.291e-04 (38.95%)  i
register                2.152e-05 2.616e-05 2.674e-07 4.796e-05 ( 5.68%)  
combinational           1.047e-04 3.625e-04 6.835e-07 4.679e-04 (55.37%)  
sequential                 0.0000    0.0000    0.0000    0.0000 ( 0.00%)  
memory                     0.0000    0.0000    0.0000    0.0000 ( 0.00%)  
io_pad                     0.0000    0.0000    0.0000    0.0000 ( 0.00%)  
black_box                  0.0000    0.0000    0.0000    0.0000 ( 0.00%)  

  Net Switching Power  = 4.632e-04   (54.82%)
  Cell Internal Power  = 3.808e-04   (45.07%)
  Cell Leakage Power   = 9.752e-07   ( 0.12%)
                         ---------
Total Power            = 8.450e-04  (100.00%)

1
