****************************************
Report : Averaged Power
	-nosplit
Design : pe_tile_new_unq1
Version: Q-2019.12-SP2
Date   : Mon May  3 16:20:36 2021
****************************************



  Attributes
  ----------
      i  -  Including register clock pin internal power
      u  -  User defined power group

                        Internal  Switching  Leakage    Total
Power Group             Power     Power      Power      Power   (     %)  Attrs
--------------------------------------------------------------------------------
clock_network           2.520e-04 7.504e-05 2.487e-08 3.271e-04 (56.85%)  i
register                1.254e-05 1.029e-05 2.437e-07 2.308e-05 ( 4.01%)  
combinational           4.879e-05 1.760e-04 4.241e-07 2.252e-04 (39.14%)  
sequential                 0.0000    0.0000    0.0000    0.0000 ( 0.00%)  
memory                     0.0000    0.0000    0.0000    0.0000 ( 0.00%)  
io_pad                     0.0000    0.0000    0.0000    0.0000 ( 0.00%)  
black_box                  0.0000    0.0000    0.0000    0.0000 ( 0.00%)  

  Net Switching Power  = 2.613e-04   (45.42%)
  Cell Internal Power  = 3.133e-04   (54.46%)
  Cell Leakage Power   = 6.927e-07   ( 0.12%)
                         ---------
Total Power            = 5.753e-04  (100.00%)

1
