****************************************
Report : Averaged Power
	-nosplit
Design : pe_tile_new_unq1
Version: Q-2019.12-SP2
Date   : Mon May  3 23:59:09 2021
****************************************



  Attributes
  ----------
      i  -  Including register clock pin internal power
      u  -  User defined power group

                        Internal  Switching  Leakage    Total
Power Group             Power     Power      Power      Power   (     %)  Attrs
--------------------------------------------------------------------------------
clock_network           2.524e-04 7.298e-05 2.474e-08 3.254e-04 (41.56%)  i
register                1.762e-05 2.260e-05 2.420e-07 4.047e-05 ( 5.17%)  
combinational           8.199e-05 3.346e-04 4.815e-07 4.171e-04 (53.27%)  
sequential                 0.0000    0.0000    0.0000    0.0000 ( 0.00%)  
memory                     0.0000    0.0000    0.0000    0.0000 ( 0.00%)  
io_pad                     0.0000    0.0000    0.0000    0.0000 ( 0.00%)  
black_box                  0.0000    0.0000    0.0000    0.0000 ( 0.00%)  

  Net Switching Power  = 4.302e-04   (54.95%)
  Cell Internal Power  = 3.520e-04   (44.96%)
  Cell Leakage Power   = 7.483e-07   ( 0.10%)
                         ---------
Total Power            = 7.829e-04  (100.00%)

1
