****************************************
Report : Averaged Power
	-nosplit
Design : pe_tile_new_unq1
Version: Q-2019.12-SP2
Date   : Mon May  3 17:35:15 2021
****************************************



  Attributes
  ----------
      i  -  Including register clock pin internal power
      u  -  User defined power group

                        Internal  Switching  Leakage    Total
Power Group             Power     Power      Power      Power   (     %)  Attrs
--------------------------------------------------------------------------------
clock_network           2.512e-04 7.486e-05 2.485e-08 3.261e-04 (60.27%)  i
register                1.262e-05 8.260e-06 2.440e-07 2.113e-05 ( 3.90%)  
combinational           4.224e-05 1.512e-04 4.216e-07 1.938e-04 (35.83%)  
sequential                 0.0000    0.0000    0.0000    0.0000 ( 0.00%)  
memory                     0.0000    0.0000    0.0000    0.0000 ( 0.00%)  
io_pad                     0.0000    0.0000    0.0000    0.0000 ( 0.00%)  
black_box                  0.0000    0.0000    0.0000    0.0000 ( 0.00%)  

  Net Switching Power  = 2.343e-04   (43.30%)
  Cell Internal Power  = 3.061e-04   (56.57%)
  Cell Leakage Power   = 6.904e-07   ( 0.13%)
                         ---------
Total Power            = 5.410e-04  (100.00%)

1
