****************************************
Report : Averaged Power
	-nosplit
Design : pe_tile_new_unq1
Version: Q-2019.12-SP2
Date   : Mon May  3 17:36:51 2021
****************************************



  Attributes
  ----------
      i  -  Including register clock pin internal power
      u  -  User defined power group

                        Internal  Switching  Leakage    Total
Power Group             Power     Power      Power      Power   (     %)  Attrs
--------------------------------------------------------------------------------
clock_network           2.501e-04 7.466e-05 2.484e-08 3.248e-04 (69.47%)  i
register                6.758e-06 4.710e-06 2.433e-07 1.171e-05 ( 2.51%)  
combinational           3.004e-05 1.006e-04 4.213e-07 1.310e-04 (28.03%)  
sequential                 0.0000    0.0000    0.0000    0.0000 ( 0.00%)  
memory                     0.0000    0.0000    0.0000    0.0000 ( 0.00%)  
io_pad                     0.0000    0.0000    0.0000    0.0000 ( 0.00%)  
black_box                  0.0000    0.0000    0.0000    0.0000 ( 0.00%)  

  Net Switching Power  = 1.799e-04   (38.49%)
  Cell Internal Power  = 2.869e-04   (61.36%)
  Cell Leakage Power   = 6.895e-07   ( 0.15%)
                         ---------
Total Power            = 4.675e-04  (100.00%)

1
