Hinst Name                                                      Module Name                                                           Inst Count           Total Area               Buffer             Inverter        Combinational                 Flop                Latch           Clock Gate                Macro             Physical
------------------------------------------------------------------------------------------------------------------------------------------------------------------------------------------------------------------------------------------------------------------------------------------------------------------------------------------------------
pe_tile_new_unq1                                                                                                                            4691            13822.402              971.964              242.903             8598.668             4008.866                0.000              201.096                0.000                0.000
 cb_bit0                                                        pe_tile_new_unq1_cb_unq2_3                                                    90              222.793                0.000                2.646               55.566              164.581                0.000                6.527                0.000                0.000
  cb_bit0/clk_gate_config_cb_reg                                pe_tile_new_unq1_SNPS_CLOCK_GATE_HIGH_cb_unq2_0_0                              2                7.056                0.000                0.000                0.529                6.527                0.000                6.527                0.000                0.000
 cb_bit1                                                        pe_tile_new_unq1_cb_unq2_2                                                    90              222.793                0.000                2.646               55.566              164.581                0.000                6.527                0.000                0.000
  cb_bit1/clk_gate_config_cb_reg                                pe_tile_new_unq1_SNPS_CLOCK_GATE_HIGH_cb_unq2_0_3                              2                7.056                0.000                0.000                0.529                6.527                0.000                6.527                0.000                0.000
 cb_bit2                                                        pe_tile_new_unq1_cb_unq2_1                                                    90              224.734                0.000                2.646               55.566              166.522                0.000                8.467                0.000                0.000
  cb_bit2/clk_gate_config_cb_reg                                pe_tile_new_unq1_SNPS_CLOCK_GATE_HIGH_cb_unq2_0_2                              2                8.996                0.000                0.000                0.529                8.467                0.000                8.467                0.000                0.000
 cb_cg_en                                                       pe_tile_new_unq1_cb_unq2_0                                                    90              222.793                0.000                2.646               55.566              164.581                0.000                6.527                0.000                0.000
  cb_cg_en/clk_gate_config_cb_reg                               pe_tile_new_unq1_SNPS_CLOCK_GATE_HIGH_cb_unq2_0_1                              2                7.056                0.000                0.000                0.529                6.527                0.000                6.527                0.000                0.000
 cb_data0                                                       pe_tile_new_unq1_cb_unq1_0                                                   111              572.064                5.645               10.584              391.254              164.581                0.000                6.527                0.000                0.000
  cb_data0/cb_unq1_decoder                                      pe_tile_new_unq1_cb_unq1_decoder_0                                            14               23.814                0.000                1.058               22.756                0.000                0.000                0.000                0.000                0.000
  cb_data0/clk_gate_config_cb_reg                               pe_tile_new_unq1_SNPS_CLOCK_GATE_HIGH_cb_unq1_0_0                              2                7.056                0.000                0.000                0.529                6.527                0.000                6.527                0.000                0.000
 cb_data1                                                       pe_tile_new_unq1_cb_unq1_1                                                   109              568.889                4.234               10.231              389.843              164.581                0.000                6.527                0.000                0.000
  cb_data1/cb_unq1_decoder                                      pe_tile_new_unq1_cb_unq1_decoder_1                                            14               22.403                0.000                1.058               21.344                0.000                0.000                0.000                0.000                0.000
  cb_data1/clk_gate_config_cb_reg                               pe_tile_new_unq1_SNPS_CLOCK_GATE_HIGH_cb_unq1_0_1                              2                7.056                0.000                0.000                0.529                6.527                0.000                6.527                0.000                0.000
 sb_1b                                                          pe_tile_new_unq1_sb_unq2_0                                                   350              911.635                6.703               39.690              268.128              597.114                0.000               20.639                0.000                0.000
  sb_1b/clk_gate_config_sb_reg                                  pe_tile_new_unq1_SNPS_CLOCK_GATE_HIGH_sb_unq2_0                                2                7.585                0.000                0.000                0.529                7.056                0.000                7.056                0.000                0.000
  sb_1b/clk_gate_config_sb_reg_0                                pe_tile_new_unq1_SNPS_CLOCK_GATE_HIGH_sb_unq2_2                                2                7.056                0.000                0.000                0.529                6.527                0.000                6.527                0.000                0.000
  sb_1b/clk_gate_config_ungate_reg                              pe_tile_new_unq1_SNPS_CLOCK_GATE_HIGH_sb_unq2_1                                2                7.585                0.000                0.000                0.529                7.056                0.000                7.056                0.000                0.000
 sb_wide                                                        pe_tile_new_unq1_sb_unq1_0                                                  1422             7210.579              297.058               48.334             4934.666             1930.522                0.000              112.190                0.000                0.000
  sb_wide/clk_gate_config_sb_reg                                pe_tile_new_unq1_SNPS_CLOCK_GATE_HIGH_sb_unq1_0                                2                8.996                0.000                0.000                0.529                8.467                0.000                8.467                0.000                0.000
  sb_wide/clk_gate_config_sb_reg_0                              pe_tile_new_unq1_SNPS_CLOCK_GATE_HIGH_sb_unq1_22                               2                7.056                0.000                0.000                0.529                6.527                0.000                6.527                0.000                0.000
  sb_wide/clk_gate_config_ungate_reg                            pe_tile_new_unq1_SNPS_CLOCK_GATE_HIGH_sb_unq1_21                               2                7.056                0.000                0.000                0.529                6.527                0.000                6.527                0.000                0.000
  sb_wide/clk_gate_out_0_0_id1_bar_reg                          pe_tile_new_unq1_SNPS_CLOCK_GATE_HIGH_sb_unq1_20                               2                5.116                0.000                0.000                0.529                4.586                0.000                4.586                0.000                0.000
  sb_wide/clk_gate_out_0_1_id1_bar_reg                          pe_tile_new_unq1_SNPS_CLOCK_GATE_HIGH_sb_unq1_19                               2                5.116                0.000                0.000                0.529                4.586                0.000                4.586                0.000                0.000
  sb_wide/clk_gate_out_0_2_id1_bar_reg                          pe_tile_new_unq1_SNPS_CLOCK_GATE_HIGH_sb_unq1_18                               2                5.116                0.000                0.000                0.529                4.586                0.000                4.586                0.000                0.000
  sb_wide/clk_gate_out_0_3_id1_bar_reg                          pe_tile_new_unq1_SNPS_CLOCK_GATE_HIGH_sb_unq1_17                               2                5.116                0.000                0.000                0.529                4.586                0.000                4.586                0.000                0.000
  sb_wide/clk_gate_out_0_4_id1_bar_reg                          pe_tile_new_unq1_SNPS_CLOCK_GATE_HIGH_sb_unq1_16                               2                5.116                0.000                0.000                0.529                4.586                0.000                4.586                0.000                0.000
  sb_wide/clk_gate_out_1_0_id1_bar_reg                          pe_tile_new_unq1_SNPS_CLOCK_GATE_HIGH_sb_unq1_15                               2                4.763                0.000                0.000                0.529                4.234                0.000                4.234                0.000                0.000
  sb_wide/clk_gate_out_1_1_id1_bar_reg                          pe_tile_new_unq1_SNPS_CLOCK_GATE_HIGH_sb_unq1_14                               2                5.116                0.000                0.000                0.529                4.586                0.000                4.586                0.000                0.000
  sb_wide/clk_gate_out_1_2_id1_bar_reg                          pe_tile_new_unq1_SNPS_CLOCK_GATE_HIGH_sb_unq1_13                               2                5.116                0.000                0.000                0.529                4.586                0.000                4.586                0.000                0.000
  sb_wide/clk_gate_out_1_3_id1_bar_reg                          pe_tile_new_unq1_SNPS_CLOCK_GATE_HIGH_sb_unq1_12                               2                5.116                0.000                0.000                0.529                4.586                0.000                4.586                0.000                0.000
  sb_wide/clk_gate_out_1_4_id1_bar_reg                          pe_tile_new_unq1_SNPS_CLOCK_GATE_HIGH_sb_unq1_11                               2                5.116                0.000                0.000                0.529                4.586                0.000                4.586                0.000                0.000
  sb_wide/clk_gate_out_2_0_id1_bar_reg                          pe_tile_new_unq1_SNPS_CLOCK_GATE_HIGH_sb_unq1_10                               2                5.116                0.000                0.000                0.529                4.586                0.000                4.586                0.000                0.000
  sb_wide/clk_gate_out_2_1_id1_bar_reg                          pe_tile_new_unq1_SNPS_CLOCK_GATE_HIGH_sb_unq1_9                                2                5.116                0.000                0.000                0.529                4.586                0.000                4.586                0.000                0.000
  sb_wide/clk_gate_out_2_2_id1_bar_reg                          pe_tile_new_unq1_SNPS_CLOCK_GATE_HIGH_sb_unq1_8                                2                4.763                0.000                0.000                0.529                4.234                0.000                4.234                0.000                0.000
  sb_wide/clk_gate_out_2_3_id1_bar_reg                          pe_tile_new_unq1_SNPS_CLOCK_GATE_HIGH_sb_unq1_7                                2                5.116                0.000                0.000                0.529                4.586                0.000                4.586                0.000                0.000
  sb_wide/clk_gate_out_2_4_id1_bar_reg                          pe_tile_new_unq1_SNPS_CLOCK_GATE_HIGH_sb_unq1_6                                2                5.116                0.000                0.000                0.529                4.586                0.000                4.586                0.000                0.000
  sb_wide/clk_gate_out_3_0_id1_bar_reg                          pe_tile_new_unq1_SNPS_CLOCK_GATE_HIGH_sb_unq1_5                                2                4.763                0.000                0.000                0.529                4.234                0.000                4.234                0.000                0.000
  sb_wide/clk_gate_out_3_1_id1_bar_reg                          pe_tile_new_unq1_SNPS_CLOCK_GATE_HIGH_sb_unq1_4                                2                5.116                0.000                0.000                0.529                4.586                0.000                4.586                0.000                0.000
  sb_wide/clk_gate_out_3_2_id1_bar_reg                          pe_tile_new_unq1_SNPS_CLOCK_GATE_HIGH_sb_unq1_3                                2                5.116                0.000                0.000                0.529                4.586                0.000                4.586                0.000                0.000
  sb_wide/clk_gate_out_3_3_id1_bar_reg                          pe_tile_new_unq1_SNPS_CLOCK_GATE_HIGH_sb_unq1_2                                2                5.116                0.000                0.000                0.529                4.586                0.000                4.586                0.000                0.000
  sb_wide/clk_gate_out_3_4_id1_bar_reg                          pe_tile_new_unq1_SNPS_CLOCK_GATE_HIGH_sb_unq1_1                                2                5.116                0.000                0.000                0.529                4.586                0.000                4.586                0.000                0.000
  sb_wide/sb_decoder_2to1_mux_40                                pe_tile_new_unq1_sb_decoder_2to1_mux_0                                         1                0.529                0.000                0.529                0.000                0.000                0.000                0.000                0.000                0.000
  sb_wide/sb_decoder_2to1_mux_41                                pe_tile_new_unq1_sb_decoder_2to1_mux_19                                        1                0.529                0.000                0.529                0.000                0.000                0.000                0.000                0.000                0.000
  sb_wide/sb_decoder_2to1_mux_42                                pe_tile_new_unq1_sb_decoder_2to1_mux_18                                        1                0.529                0.000                0.529                0.000                0.000                0.000                0.000                0.000                0.000
  sb_wide/sb_decoder_2to1_mux_43                                pe_tile_new_unq1_sb_decoder_2to1_mux_17                                        2                1.235                0.706                0.529                0.000                0.000                0.000                0.000                0.000                0.000
  sb_wide/sb_decoder_2to1_mux_44                                pe_tile_new_unq1_sb_decoder_2to1_mux_16                                        2                1.235                0.706                0.529                0.000                0.000                0.000                0.000                0.000                0.000
  sb_wide/sb_decoder_2to1_mux_45                                pe_tile_new_unq1_sb_decoder_2to1_mux_15                                        1                0.529                0.000                0.529                0.000                0.000                0.000                0.000                0.000                0.000
  sb_wide/sb_decoder_2to1_mux_46                                pe_tile_new_unq1_sb_decoder_2to1_mux_14                                        1                0.529                0.000                0.529                0.000                0.000                0.000                0.000                0.000                0.000
  sb_wide/sb_decoder_2to1_mux_47                                pe_tile_new_unq1_sb_decoder_2to1_mux_13                                        1                0.529                0.000                0.529                0.000                0.000                0.000                0.000                0.000                0.000
  sb_wide/sb_decoder_2to1_mux_48                                pe_tile_new_unq1_sb_decoder_2to1_mux_12                                        1                0.529                0.000                0.529                0.000                0.000                0.000                0.000                0.000                0.000
  sb_wide/sb_decoder_2to1_mux_49                                pe_tile_new_unq1_sb_decoder_2to1_mux_11                                        1                0.529                0.000                0.529                0.000                0.000                0.000                0.000                0.000                0.000
  sb_wide/sb_decoder_2to1_mux_50                                pe_tile_new_unq1_sb_decoder_2to1_mux_10                                        1                0.529                0.000                0.529                0.000                0.000                0.000                0.000                0.000                0.000
  sb_wide/sb_decoder_2to1_mux_51                                pe_tile_new_unq1_sb_decoder_2to1_mux_9                                         1                0.529                0.000                0.529                0.000                0.000                0.000                0.000                0.000                0.000
  sb_wide/sb_decoder_2to1_mux_52                                pe_tile_new_unq1_sb_decoder_2to1_mux_8                                         1                0.529                0.000                0.529                0.000                0.000                0.000                0.000                0.000                0.000
  sb_wide/sb_decoder_2to1_mux_53                                pe_tile_new_unq1_sb_decoder_2to1_mux_7                                         2                1.235                0.706                0.529                0.000                0.000                0.000                0.000                0.000                0.000
  sb_wide/sb_decoder_2to1_mux_54                                pe_tile_new_unq1_sb_decoder_2to1_mux_6                                         1                0.529                0.000                0.529                0.000                0.000                0.000                0.000                0.000                0.000
  sb_wide/sb_decoder_2to1_mux_55                                pe_tile_new_unq1_sb_decoder_2to1_mux_5                                         1                0.529                0.000                0.529                0.000                0.000                0.000                0.000                0.000                0.000
  sb_wide/sb_decoder_2to1_mux_56                                pe_tile_new_unq1_sb_decoder_2to1_mux_4                                         1                0.529                0.000                0.529                0.000                0.000                0.000                0.000                0.000                0.000
  sb_wide/sb_decoder_2to1_mux_57                                pe_tile_new_unq1_sb_decoder_2to1_mux_3                                         1                0.529                0.000                0.529                0.000                0.000                0.000                0.000                0.000                0.000
  sb_wide/sb_decoder_2to1_mux_58                                pe_tile_new_unq1_sb_decoder_2to1_mux_2                                         1                0.529                0.000                0.529                0.000                0.000                0.000                0.000                0.000                0.000
  sb_wide/sb_decoder_2to1_mux_59                                pe_tile_new_unq1_sb_decoder_2to1_mux_1                                         1                0.529                0.000                0.529                0.000                0.000                0.000                0.000                0.000                0.000
  sb_wide/sb_decoder_4to1_mux_0_0                               pe_tile_new_unq1_sb_decoder_4to1_mux_0                                         4                4.939                0.000                0.000                4.939                0.000                0.000                0.000                0.000                0.000
  sb_wide/sb_decoder_4to1_mux_0_1                               pe_tile_new_unq1_sb_decoder_4to1_mux_19                                        4                4.939                0.000                0.000                4.939                0.000                0.000                0.000                0.000                0.000
  sb_wide/sb_decoder_4to1_mux_0_2                               pe_tile_new_unq1_sb_decoder_4to1_mux_18                                        4                4.939                0.000                0.000                4.939                0.000                0.000                0.000                0.000                0.000
  sb_wide/sb_decoder_4to1_mux_0_3                               pe_tile_new_unq1_sb_decoder_4to1_mux_17                                        4                4.939                0.000                0.000                4.939                0.000                0.000                0.000                0.000                0.000
  sb_wide/sb_decoder_4to1_mux_0_4                               pe_tile_new_unq1_sb_decoder_4to1_mux_16                                        4                4.939                0.000                0.000                4.939                0.000                0.000                0.000                0.000                0.000
  sb_wide/sb_decoder_4to1_mux_1_0                               pe_tile_new_unq1_sb_decoder_4to1_mux_15                                        4                4.939                0.000                0.000                4.939                0.000                0.000                0.000                0.000                0.000
  sb_wide/sb_decoder_4to1_mux_1_1                               pe_tile_new_unq1_sb_decoder_4to1_mux_14                                        4                4.939                0.000                0.000                4.939                0.000                0.000                0.000                0.000                0.000
  sb_wide/sb_decoder_4to1_mux_1_2                               pe_tile_new_unq1_sb_decoder_4to1_mux_13                                        4                4.939                0.000                0.000                4.939                0.000                0.000                0.000                0.000                0.000
  sb_wide/sb_decoder_4to1_mux_1_3                               pe_tile_new_unq1_sb_decoder_4to1_mux_12                                        6                5.998                0.000                1.058                4.939                0.000                0.000                0.000                0.000                0.000
  sb_wide/sb_decoder_4to1_mux_1_4                               pe_tile_new_unq1_sb_decoder_4to1_mux_11                                        6                5.998                0.000                1.058                4.939                0.000                0.000                0.000                0.000                0.000
  sb_wide/sb_decoder_4to1_mux_2_0                               pe_tile_new_unq1_sb_decoder_4to1_mux_10                                        6                5.998                0.000                1.058                4.939                0.000                0.000                0.000                0.000                0.000
  sb_wide/sb_decoder_4to1_mux_2_1                               pe_tile_new_unq1_sb_decoder_4to1_mux_9                                         6                5.998                0.000                1.058                4.939                0.000                0.000                0.000                0.000                0.000
  sb_wide/sb_decoder_4to1_mux_2_2                               pe_tile_new_unq1_sb_decoder_4to1_mux_8                                         6                5.998                0.000                1.058                4.939                0.000                0.000                0.000                0.000                0.000
  sb_wide/sb_decoder_4to1_mux_2_3                               pe_tile_new_unq1_sb_decoder_4to1_mux_7                                         6                5.998                0.000                1.058                4.939                0.000                0.000                0.000                0.000                0.000
  sb_wide/sb_decoder_4to1_mux_2_4                               pe_tile_new_unq1_sb_decoder_4to1_mux_6                                         6                5.998                0.000                1.058                4.939                0.000                0.000                0.000                0.000                0.000
  sb_wide/sb_decoder_4to1_mux_3_0                               pe_tile_new_unq1_sb_decoder_4to1_mux_5                                         6                5.998                0.000                1.058                4.939                0.000                0.000                0.000                0.000                0.000
  sb_wide/sb_decoder_4to1_mux_3_1                               pe_tile_new_unq1_sb_decoder_4to1_mux_4                                         6                5.998                0.000                1.058                4.939                0.000                0.000                0.000                0.000                0.000
  sb_wide/sb_decoder_4to1_mux_3_2                               pe_tile_new_unq1_sb_decoder_4to1_mux_3                                         6                5.998                0.000                1.058                4.939                0.000                0.000                0.000                0.000                0.000
  sb_wide/sb_decoder_4to1_mux_3_3                               pe_tile_new_unq1_sb_decoder_4to1_mux_2                                         6                5.998                0.000                1.058                4.939                0.000                0.000                0.000                0.000                0.000
  sb_wide/sb_decoder_4to1_mux_3_4                               pe_tile_new_unq1_sb_decoder_4to1_mux_1                                         6                5.998                0.000                1.058                4.939                0.000                0.000                0.000                0.000                0.000
 test_pe                                                        pe_tile_new_unq1_test_pe_unq1_0                                             1653             2714.796               49.568              113.778             2065.644              485.806                0.000               27.166                0.000                0.000
  test_pe/clk_gate_op_code_reg                                  pe_tile_new_unq1_SNPS_CLOCK_GATE_HIGH_test_pe_unq1_0                           2                8.996                0.000                0.000                0.529                8.467                0.000                8.467                0.000                0.000
  test_pe/test_debug_bit                                        pe_tile_new_unq1_test_debug_reg_DataWidth1_0                                   2                7.938                0.000                0.000                1.940                5.998                0.000                0.000                0.000                0.000
  test_pe/test_debug_data                                       pe_tile_new_unq1_test_debug_reg_DataWidth16_0                                 53              121.010                0.000                8.467               28.930               83.614                0.000                4.586                0.000                0.000
   test_pe/test_debug_data/clk_gate_debug_val_reg               pe_tile_new_unq1_SNPS_CLOCK_GATE_HIGH_test_debug_reg_DataWidth16_0             2                5.116                0.000                0.000                0.529                4.586                0.000                4.586                0.000                0.000
  test_pe/test_lut                                              pe_tile_new_unq1_test_lut_DataWidth1_0                                        23               58.565                0.000                1.058               13.759               43.747                0.000                4.234                0.000                0.000
   test_pe/test_lut/clk_gate_GEN_LUT_0__lut_reg                 pe_tile_new_unq1_SNPS_CLOCK_GATE_HIGH_test_lut_DataWidth1_0                    2                4.763                0.000                0.000                0.529                4.234                0.000                4.234                0.000                0.000
  test_pe/test_opt_reg_a                                        pe_tile_new_unq1_test_opt_reg_DataWidth16_0                                   55              146.941                0.000                1.588               61.740               83.614                0.000                4.586                0.000                0.000
   test_pe/test_opt_reg_a/clk_gate_data_in_reg_reg              pe_tile_new_unq1_SNPS_CLOCK_GATE_HIGH_test_opt_reg_DataWidth16_0               2                5.116                0.000                0.000                0.529                4.586                0.000                4.586                0.000                0.000
  test_pe/test_opt_reg_d                                        pe_tile_new_unq1_test_opt_reg_DataWidth1_0                                     7               13.054                0.000                0.529                6.527                5.998                0.000                0.000                0.000                0.000
  test_pe/test_opt_reg_e                                        pe_tile_new_unq1_test_opt_reg_DataWidth1_2                                     7               13.054                0.000                0.529                6.527                5.998                0.000                0.000                0.000                0.000
  test_pe/test_opt_reg_f                                        pe_tile_new_unq1_test_opt_reg_DataWidth1_1                                     7               13.054                0.000                0.529                6.527                5.998                0.000                0.000                0.000                0.000
  test_pe/test_opt_reg_file                                     pe_tile_new_unq1_test_opt_reg_file_DataWidth16_0                              55              151.528                1.058                0.529               65.621               84.319                0.000                5.292                0.000                0.000
   test_pe/test_opt_reg_file/clk_gate_data_in_reg_reg_0_        pe_tile_new_unq1_SNPS_CLOCK_GATE_HIGH_test_opt_reg_file_DataWidth16_0          2                5.821                0.000                0.000                0.529                5.292                0.000                5.292                0.000                0.000
  test_pe/test_pe_comp                                          pe_tile_new_unq1_test_pe_comp_unq1_0                                        1167             1759.414                5.998               73.382             1680.034                0.000                0.000                0.000                0.000                0.000
   test_pe/test_pe_comp/GEN_ADD_0__full_add                     pe_tile_new_unq1_test_full_add_DataWidth16_0                                  40               84.143                0.000                1.588               82.555                0.000                0.000                0.000                0.000                0.000
    test_pe/test_pe_comp/GEN_ADD_0__full_add/DP_OP_5J2_122_5729 pe_tile_new_unq1_test_full_add_DataWidth16_DP_OP_5J2_122_5729_J2_0_0          40               84.143                0.000                1.588               82.555                0.000                0.000                0.000                0.000                0.000
   test_pe/test_pe_comp/cmpr                                    pe_tile_new_unq1_test_cmpr_0                                                   7                8.114                0.000                0.529                7.585                0.000                0.000                0.000                0.000                0.000
   test_pe/test_pe_comp/test_mult_add                           pe_tile_new_unq1_test_mult_add_DataWidth16_0                                 652             1192.111                2.117               21.344             1168.650                0.000                0.000                0.000                0.000                0.000
    test_pe/test_pe_comp/test_mult_add/mult_x_1                 pe_tile_new_unq1_test_mult_add_DataWidth16_DW_mult_tc_1_0                    650             1189.994                2.117               21.344             1166.533                0.000                0.000                0.000                0.000                0.000
   test_pe/test_pe_comp/test_shifter                            pe_tile_new_unq1_test_shifter_unq1_DataWidth16_0                             163              169.344                0.706               10.055              158.584                0.000                0.000                0.000                0.000                0.000
