 
****************************************
Report : power
        -analysis_effort low
Design : pe_tile_new_unq1
Version: L-2016.03-SP5-5
Date   : Tue Oct  1 03:41:32 2019
****************************************


Library(s) Used:

    tcbn40lpbwptc (File: /tsmc40r/pdk/2019.05.21_TSMC/tcbn40lpbwp_200a/tcbn40lpbwp_200a_nldm/TSMCHOME/digital/Front_End/timing_power_noise/NLDM/tcbn40lpbwp_200a/tcbn40lpbwptc.db)
    hybrid40tt (File: /home/akashl/Hybrid-RRAM-NEMS/model/sismart/devicetest/models/liberty/nldm_hybrid40tt.db)


Operating Conditions: NCCOM   Library: tcbn40lpbwptc
Wire Load Model Mode: Inactive.


Global Operating Voltage = 1.1  
Power-specific unit information :
    Voltage Units = 1V
    Capacitance Units = 1.000000pf
    Time Units = 1ns
    Dynamic Power Units = 1mW    (derived from V,C,T units)
    Leakage Power Units = 1nW

Warning: Cannot report correlated power unless power prediction mode is set. (PWR-727)
Power Breakdown
---------------

                             Cell        Driven Net  Tot Dynamic      Cell
                             Internal    Switching   Power (mW)       Leakage
Cell                         Power (mW)  Power (mW)  (% Cell/Tot)     Power (nW)
--------------------------------------------------------------------------------
Netlist Power                   1.2512      1.1663      2.4175 (52%)   839.4987
Estimated Clock Tree Power   N/A         N/A          (N/A)           N/A
--------------------------------------------------------------------------------

                 Internal         Switching           Leakage            Total
Power Group      Power            Power               Power              Power   (   %    )  Attrs
--------------------------------------------------------------------------------------------------
io_pad             0.0000            0.0000            0.0000            0.0000  (   0.00%)
memory             0.0000            0.0000            0.0000            0.0000  (   0.00%)
black_box      1.6432e-02        4.6950e-02          130.3836        6.3512e-02  (   2.63%)
clock_network  1.5978e-02            0.1091            1.9725            0.1251  (   5.17%)
register           0.8770        2.6606e-03          134.8443            0.8798  (  36.38%)
sequential         0.0000            0.0000            0.0000            0.0000  (   0.00%)
combinational      0.3418            1.0075          533.9899            1.3498  (  55.82%)
--------------------------------------------------------------------------------------------------
Total              1.2512 mW         1.1663 mW       801.1903 nW         2.4183 mW
1
