Hinst Name                                                      Module Name                                                           Inst Count           Total Area               Buffer             Inverter        Combinational                 Flop                Latch           Clock Gate                Macro             Physical
------------------------------------------------------------------------------------------------------------------------------------------------------------------------------------------------------------------------------------------------------------------------------------------------------------------------------------------------------
pe_tile_new_unq1                                                                                                                            4641            13925.772             1078.157              234.259             8604.842             4008.514                0.000              191.218                0.000                0.000
 cb_bit0                                                        pe_tile_new_unq1_cb_unq2_3                                                    90              222.970                0.000                2.646               55.742              164.581                0.000                6.527                0.000                0.000
  cb_bit0/clk_gate_config_cb_reg                                pe_tile_new_unq1_SNPS_CLOCK_GATE_HIGH_cb_unq2_0_0                              2                7.056                0.000                0.000                0.529                6.527                0.000                6.527                0.000                0.000
 cb_bit1                                                        pe_tile_new_unq1_cb_unq2_2                                                    91              224.557                1.764                2.646               55.566              164.581                0.000                6.527                0.000                0.000
  cb_bit1/clk_gate_config_cb_reg                                pe_tile_new_unq1_SNPS_CLOCK_GATE_HIGH_cb_unq2_0_3                              2                7.056                0.000                0.000                0.529                6.527                0.000                6.527                0.000                0.000
 cb_bit2                                                        pe_tile_new_unq1_cb_unq2_1                                                    90              222.793                0.000                2.646               55.566              164.581                0.000                6.527                0.000                0.000
  cb_bit2/clk_gate_config_cb_reg                                pe_tile_new_unq1_SNPS_CLOCK_GATE_HIGH_cb_unq2_0_2                              2                7.056                0.000                0.000                0.529                6.527                0.000                6.527                0.000                0.000
 cb_cg_en                                                       pe_tile_new_unq1_cb_unq2_0                                                    90              222.793                0.000                2.646               55.566              164.581                0.000                6.527                0.000                0.000
  cb_cg_en/clk_gate_config_cb_reg                               pe_tile_new_unq1_SNPS_CLOCK_GATE_HIGH_cb_unq2_0_1                              2                7.056                0.000                0.000                0.529                6.527                0.000                6.527                0.000                0.000
 cb_data0                                                       pe_tile_new_unq1_cb_unq1_0                                                   109              572.417                5.292               10.584              391.960              164.581                0.000                6.527                0.000                0.000
  cb_data0/cb_unq1_decoder                                      pe_tile_new_unq1_cb_unq1_decoder_0                                            15               25.225                0.706                1.058               23.461                0.000                0.000                0.000                0.000                0.000
  cb_data0/clk_gate_config_cb_reg                               pe_tile_new_unq1_SNPS_CLOCK_GATE_HIGH_cb_unq1_0_0                              2                7.056                0.000                0.000                0.529                6.527                0.000                6.527                0.000                0.000
 cb_data1                                                       pe_tile_new_unq1_cb_unq1_1                                                   110              572.064                4.586               11.642              391.254              164.581                0.000                6.527                0.000                0.000
  cb_data1/cb_unq1_decoder                                      pe_tile_new_unq1_cb_unq1_decoder_1                                            14               23.814                0.000                1.058               22.756                0.000                0.000                0.000                0.000                0.000
  cb_data1/clk_gate_config_cb_reg                               pe_tile_new_unq1_SNPS_CLOCK_GATE_HIGH_cb_unq1_0_1                              2                7.056                0.000                0.000                0.529                6.527                0.000                6.527                0.000                0.000
 sb_1b                                                          pe_tile_new_unq1_sb_unq2_0                                                   350              920.984                4.410               41.278              278.888              596.408                0.000               19.580                0.000                0.000
  sb_1b/clk_gate_config_sb_reg                                  pe_tile_new_unq1_SNPS_CLOCK_GATE_HIGH_sb_unq2_0                                2                7.056                0.000                0.000                0.529                6.527                0.000                6.527                0.000                0.000
  sb_1b/clk_gate_config_sb_reg_0                                pe_tile_new_unq1_SNPS_CLOCK_GATE_HIGH_sb_unq2_2                                2                7.056                0.000                0.000                0.529                6.527                0.000                6.527                0.000                0.000
  sb_1b/clk_gate_config_ungate_reg                              pe_tile_new_unq1_SNPS_CLOCK_GATE_HIGH_sb_unq2_1                                2                7.056                0.000                0.000                0.529                6.527                0.000                6.527                0.000                0.000
 sb_wide                                                        pe_tile_new_unq1_sb_unq1_0                                                  1364             7284.138              372.557               42.336             4934.314             1934.932                0.000              107.428                0.000                0.000
  sb_wide/clk_gate_config_sb_reg                                pe_tile_new_unq1_SNPS_CLOCK_GATE_HIGH_sb_unq1_0                                2                7.056                0.000                0.000                0.529                6.527                0.000                6.527                0.000                0.000
  sb_wide/clk_gate_config_sb_reg_0                              pe_tile_new_unq1_SNPS_CLOCK_GATE_HIGH_sb_unq1_22                               2                7.056                0.000                0.000                0.529                6.527                0.000                6.527                0.000                0.000
  sb_wide/clk_gate_config_ungate_reg                            pe_tile_new_unq1_SNPS_CLOCK_GATE_HIGH_sb_unq1_21                               2                7.056                0.000                0.000                0.529                6.527                0.000                6.527                0.000                0.000
  sb_wide/clk_gate_out_0_0_id1_bar_reg                          pe_tile_new_unq1_SNPS_CLOCK_GATE_HIGH_sb_unq1_20                               2                5.116                0.000                0.000                0.529                4.586                0.000                4.586                0.000                0.000
  sb_wide/clk_gate_out_0_1_id1_bar_reg                          pe_tile_new_unq1_SNPS_CLOCK_GATE_HIGH_sb_unq1_19                               2                4.763                0.000                0.000                0.529                4.234                0.000                4.234                0.000                0.000
  sb_wide/clk_gate_out_0_2_id1_bar_reg                          pe_tile_new_unq1_SNPS_CLOCK_GATE_HIGH_sb_unq1_18                               2                5.116                0.000                0.000                0.529                4.586                0.000                4.586                0.000                0.000
  sb_wide/clk_gate_out_0_3_id1_bar_reg                          pe_tile_new_unq1_SNPS_CLOCK_GATE_HIGH_sb_unq1_17                               2                4.763                0.000                0.000                0.529                4.234                0.000                4.234                0.000                0.000
  sb_wide/clk_gate_out_0_4_id1_bar_reg                          pe_tile_new_unq1_SNPS_CLOCK_GATE_HIGH_sb_unq1_16                               2                4.763                0.000                0.000                0.529                4.234                0.000                4.234                0.000                0.000
  sb_wide/clk_gate_out_1_0_id1_bar_reg                          pe_tile_new_unq1_SNPS_CLOCK_GATE_HIGH_sb_unq1_15                               2                5.116                0.000                0.000                0.529                4.586                0.000                4.586                0.000                0.000
  sb_wide/clk_gate_out_1_1_id1_bar_reg                          pe_tile_new_unq1_SNPS_CLOCK_GATE_HIGH_sb_unq1_14                               2                5.116                0.000                0.000                0.529                4.586                0.000                4.586                0.000                0.000
  sb_wide/clk_gate_out_1_2_id1_bar_reg                          pe_tile_new_unq1_SNPS_CLOCK_GATE_HIGH_sb_unq1_13                               2                5.116                0.000                0.000                0.529                4.586                0.000                4.586                0.000                0.000
  sb_wide/clk_gate_out_1_3_id1_bar_reg                          pe_tile_new_unq1_SNPS_CLOCK_GATE_HIGH_sb_unq1_12                               2                4.763                0.000                0.000                0.529                4.234                0.000                4.234                0.000                0.000
  sb_wide/clk_gate_out_1_4_id1_bar_reg                          pe_tile_new_unq1_SNPS_CLOCK_GATE_HIGH_sb_unq1_11                               2                5.116                0.000                0.000                0.529                4.586                0.000                4.586                0.000                0.000
  sb_wide/clk_gate_out_2_0_id1_bar_reg                          pe_tile_new_unq1_SNPS_CLOCK_GATE_HIGH_sb_unq1_10                               2                4.763                0.000                0.000                0.529                4.234                0.000                4.234                0.000                0.000
  sb_wide/clk_gate_out_2_1_id1_bar_reg                          pe_tile_new_unq1_SNPS_CLOCK_GATE_HIGH_sb_unq1_9                                2                4.763                0.000                0.000                0.529                4.234                0.000                4.234                0.000                0.000
  sb_wide/clk_gate_out_2_2_id1_bar_reg                          pe_tile_new_unq1_SNPS_CLOCK_GATE_HIGH_sb_unq1_8                                2                4.763                0.000                0.000                0.529                4.234                0.000                4.234                0.000                0.000
  sb_wide/clk_gate_out_2_3_id1_bar_reg                          pe_tile_new_unq1_SNPS_CLOCK_GATE_HIGH_sb_unq1_7                                2                4.763                0.000                0.000                0.529                4.234                0.000                4.234                0.000                0.000
  sb_wide/clk_gate_out_2_4_id1_bar_reg                          pe_tile_new_unq1_SNPS_CLOCK_GATE_HIGH_sb_unq1_6                                2                4.763                0.000                0.000                0.529                4.234                0.000                4.234                0.000                0.000
  sb_wide/clk_gate_out_3_0_id1_bar_reg                          pe_tile_new_unq1_SNPS_CLOCK_GATE_HIGH_sb_unq1_5                                2                4.763                0.000                0.000                0.529                4.234                0.000                4.234                0.000                0.000
  sb_wide/clk_gate_out_3_1_id1_bar_reg                          pe_tile_new_unq1_SNPS_CLOCK_GATE_HIGH_sb_unq1_4                                2                4.763                0.000                0.000                0.529                4.234                0.000                4.234                0.000                0.000
  sb_wide/clk_gate_out_3_2_id1_bar_reg                          pe_tile_new_unq1_SNPS_CLOCK_GATE_HIGH_sb_unq1_3                                2                5.116                0.000                0.000                0.529                4.586                0.000                4.586                0.000                0.000
  sb_wide/clk_gate_out_3_3_id1_bar_reg                          pe_tile_new_unq1_SNPS_CLOCK_GATE_HIGH_sb_unq1_2                                2                5.116                0.000                0.000                0.529                4.586                0.000                4.586                0.000                0.000
  sb_wide/clk_gate_out_3_4_id1_bar_reg                          pe_tile_new_unq1_SNPS_CLOCK_GATE_HIGH_sb_unq1_1                                2                5.116                0.000                0.000                0.529                4.586                0.000                4.586                0.000                0.000
  sb_wide/sb_decoder_2to1_mux_40                                pe_tile_new_unq1_sb_decoder_2to1_mux_0                                         1                0.529                0.000                0.529                0.000                0.000                0.000                0.000                0.000                0.000
  sb_wide/sb_decoder_2to1_mux_41                                pe_tile_new_unq1_sb_decoder_2to1_mux_19                                        1                0.529                0.000                0.529                0.000                0.000                0.000                0.000                0.000                0.000
  sb_wide/sb_decoder_2to1_mux_42                                pe_tile_new_unq1_sb_decoder_2to1_mux_18                                        1                0.529                0.000                0.529                0.000                0.000                0.000                0.000                0.000                0.000
  sb_wide/sb_decoder_2to1_mux_43                                pe_tile_new_unq1_sb_decoder_2to1_mux_17                                        1                0.529                0.000                0.529                0.000                0.000                0.000                0.000                0.000                0.000
  sb_wide/sb_decoder_2to1_mux_44                                pe_tile_new_unq1_sb_decoder_2to1_mux_16                                        1                0.529                0.000                0.529                0.000                0.000                0.000                0.000                0.000                0.000
  sb_wide/sb_decoder_2to1_mux_45                                pe_tile_new_unq1_sb_decoder_2to1_mux_15                                        1                0.529                0.000                0.529                0.000                0.000                0.000                0.000                0.000                0.000
  sb_wide/sb_decoder_2to1_mux_46                                pe_tile_new_unq1_sb_decoder_2to1_mux_14                                        1                0.529                0.000                0.529                0.000                0.000                0.000                0.000                0.000                0.000
  sb_wide/sb_decoder_2to1_mux_47                                pe_tile_new_unq1_sb_decoder_2to1_mux_13                                        1                0.529                0.000                0.529                0.000                0.000                0.000                0.000                0.000                0.000
  sb_wide/sb_decoder_2to1_mux_48                                pe_tile_new_unq1_sb_decoder_2to1_mux_12                                        1                0.529                0.000                0.529                0.000                0.000                0.000                0.000                0.000                0.000
  sb_wide/sb_decoder_2to1_mux_49                                pe_tile_new_unq1_sb_decoder_2to1_mux_11                                        1                0.529                0.000                0.529                0.000                0.000                0.000                0.000                0.000                0.000
  sb_wide/sb_decoder_2to1_mux_50                                pe_tile_new_unq1_sb_decoder_2to1_mux_10                                        1                0.529                0.000                0.529                0.000                0.000                0.000                0.000                0.000                0.000
  sb_wide/sb_decoder_2to1_mux_51                                pe_tile_new_unq1_sb_decoder_2to1_mux_9                                         1                0.529                0.000                0.529                0.000                0.000                0.000                0.000                0.000                0.000
  sb_wide/sb_decoder_2to1_mux_52                                pe_tile_new_unq1_sb_decoder_2to1_mux_8                                         2                1.235                0.706                0.529                0.000                0.000                0.000                0.000                0.000                0.000
  sb_wide/sb_decoder_2to1_mux_53                                pe_tile_new_unq1_sb_decoder_2to1_mux_7                                         2                1.235                0.706                0.529                0.000                0.000                0.000                0.000                0.000                0.000
  sb_wide/sb_decoder_2to1_mux_54                                pe_tile_new_unq1_sb_decoder_2to1_mux_6                                         1                0.529                0.000                0.529                0.000                0.000                0.000                0.000                0.000                0.000
  sb_wide/sb_decoder_2to1_mux_55                                pe_tile_new_unq1_sb_decoder_2to1_mux_5                                         1                0.529                0.000                0.529                0.000                0.000                0.000                0.000                0.000                0.000
  sb_wide/sb_decoder_2to1_mux_56                                pe_tile_new_unq1_sb_decoder_2to1_mux_4                                         1                0.529                0.000                0.529                0.000                0.000                0.000                0.000                0.000                0.000
  sb_wide/sb_decoder_2to1_mux_57                                pe_tile_new_unq1_sb_decoder_2to1_mux_3                                         1                0.529                0.000                0.529                0.000                0.000                0.000                0.000                0.000                0.000
  sb_wide/sb_decoder_2to1_mux_58                                pe_tile_new_unq1_sb_decoder_2to1_mux_2                                         1                0.529                0.000                0.529                0.000                0.000                0.000                0.000                0.000                0.000
  sb_wide/sb_decoder_2to1_mux_59                                pe_tile_new_unq1_sb_decoder_2to1_mux_1                                         1                0.529                0.000                0.529                0.000                0.000                0.000                0.000                0.000                0.000
  sb_wide/sb_decoder_4to1_mux_0_0                               pe_tile_new_unq1_sb_decoder_4to1_mux_0                                         4                4.939                0.000                0.000                4.939                0.000                0.000                0.000                0.000                0.000
  sb_wide/sb_decoder_4to1_mux_0_1                               pe_tile_new_unq1_sb_decoder_4to1_mux_19                                        4                4.939                0.000                0.000                4.939                0.000                0.000                0.000                0.000                0.000
  sb_wide/sb_decoder_4to1_mux_0_2                               pe_tile_new_unq1_sb_decoder_4to1_mux_18                                        4                4.939                0.000                0.000                4.939                0.000                0.000                0.000                0.000                0.000
  sb_wide/sb_decoder_4to1_mux_0_3                               pe_tile_new_unq1_sb_decoder_4to1_mux_17                                        4                4.939                0.000                0.000                4.939                0.000                0.000                0.000                0.000                0.000
  sb_wide/sb_decoder_4to1_mux_0_4                               pe_tile_new_unq1_sb_decoder_4to1_mux_16                                        4                4.939                0.000                0.000                4.939                0.000                0.000                0.000                0.000                0.000
  sb_wide/sb_decoder_4to1_mux_1_0                               pe_tile_new_unq1_sb_decoder_4to1_mux_15                                        4                4.939                0.000                0.000                4.939                0.000                0.000                0.000                0.000                0.000
  sb_wide/sb_decoder_4to1_mux_1_1                               pe_tile_new_unq1_sb_decoder_4to1_mux_14                                        4                4.939                0.000                0.000                4.939                0.000                0.000                0.000                0.000                0.000
  sb_wide/sb_decoder_4to1_mux_1_2                               pe_tile_new_unq1_sb_decoder_4to1_mux_13                                        4                4.939                0.000                0.000                4.939                0.000                0.000                0.000                0.000                0.000
  sb_wide/sb_decoder_4to1_mux_1_3                               pe_tile_new_unq1_sb_decoder_4to1_mux_12                                        6                5.998                0.000                1.058                4.939                0.000                0.000                0.000                0.000                0.000
  sb_wide/sb_decoder_4to1_mux_1_4                               pe_tile_new_unq1_sb_decoder_4to1_mux_11                                        6                5.998                0.000                1.058                4.939                0.000                0.000                0.000                0.000                0.000
  sb_wide/sb_decoder_4to1_mux_2_0                               pe_tile_new_unq1_sb_decoder_4to1_mux_10                                        6                5.998                0.000                1.058                4.939                0.000                0.000                0.000                0.000                0.000
  sb_wide/sb_decoder_4to1_mux_2_1                               pe_tile_new_unq1_sb_decoder_4to1_mux_9                                         6                5.998                0.000                1.058                4.939                0.000                0.000                0.000                0.000                0.000
  sb_wide/sb_decoder_4to1_mux_2_2                               pe_tile_new_unq1_sb_decoder_4to1_mux_8                                         6                5.998                0.000                1.058                4.939                0.000                0.000                0.000                0.000                0.000
  sb_wide/sb_decoder_4to1_mux_2_3                               pe_tile_new_unq1_sb_decoder_4to1_mux_7                                         6                5.998                0.000                1.058                4.939                0.000                0.000                0.000                0.000                0.000
  sb_wide/sb_decoder_4to1_mux_2_4                               pe_tile_new_unq1_sb_decoder_4to1_mux_6                                         6                5.998                0.000                1.058                4.939                0.000                0.000                0.000                0.000                0.000
  sb_wide/sb_decoder_4to1_mux_3_0                               pe_tile_new_unq1_sb_decoder_4to1_mux_5                                         6                5.998                0.000                1.058                4.939                0.000                0.000                0.000                0.000                0.000
  sb_wide/sb_decoder_4to1_mux_3_1                               pe_tile_new_unq1_sb_decoder_4to1_mux_4                                         6                5.998                0.000                1.058                4.939                0.000                0.000                0.000                0.000                0.000
  sb_wide/sb_decoder_4to1_mux_3_2                               pe_tile_new_unq1_sb_decoder_4to1_mux_3                                         6                5.998                0.000                1.058                4.939                0.000                0.000                0.000                0.000                0.000
  sb_wide/sb_decoder_4to1_mux_3_3                               pe_tile_new_unq1_sb_decoder_4to1_mux_2                                         6                5.998                0.000                1.058                4.939                0.000                0.000                0.000                0.000                0.000
  sb_wide/sb_decoder_4to1_mux_3_4                               pe_tile_new_unq1_sb_decoder_4to1_mux_1                                         6                5.998                0.000                1.058                4.939                0.000                0.000                0.000                0.000                0.000
 test_pe                                                        pe_tile_new_unq1_test_pe_unq1_0                                             1650             2687.454               31.752              112.543             2059.470              483.689                0.000               25.049                0.000                0.000
  test_pe/clk_gate_op_code_reg                                  pe_tile_new_unq1_SNPS_CLOCK_GATE_HIGH_test_pe_unq1_0                           2                7.585                0.000                0.000                0.529                7.056                0.000                7.056                0.000                0.000
  test_pe/test_debug_bit                                        pe_tile_new_unq1_test_debug_reg_DataWidth1_0                                   2                7.938                0.000                0.000                1.940                5.998                0.000                0.000                0.000                0.000
  test_pe/test_debug_data                                       pe_tile_new_unq1_test_debug_reg_DataWidth16_0                                 54              120.305                0.000                8.996               27.695               83.614                0.000                4.586                0.000                0.000
   test_pe/test_debug_data/clk_gate_debug_val_reg               pe_tile_new_unq1_SNPS_CLOCK_GATE_HIGH_test_debug_reg_DataWidth16_0             2                5.116                0.000                0.000                0.529                4.586                0.000                4.586                0.000                0.000
  test_pe/test_lut                                              pe_tile_new_unq1_test_lut_DataWidth1_0                                        23               58.565                0.000                1.058               13.759               43.747                0.000                4.234                0.000                0.000
   test_pe/test_lut/clk_gate_GEN_LUT_0__lut_reg                 pe_tile_new_unq1_SNPS_CLOCK_GATE_HIGH_test_lut_DataWidth1_0                    2                4.763                0.000                0.000                0.529                4.234                0.000                4.234                0.000                0.000
  test_pe/test_opt_reg_a                                        pe_tile_new_unq1_test_opt_reg_DataWidth16_0                                   55              147.823                0.000                1.235               62.975               83.614                0.000                4.586                0.000                0.000
   test_pe/test_opt_reg_a/clk_gate_data_in_reg_reg              pe_tile_new_unq1_SNPS_CLOCK_GATE_HIGH_test_opt_reg_DataWidth16_0               2                5.116                0.000                0.000                0.529                4.586                0.000                4.586                0.000                0.000
  test_pe/test_opt_reg_d                                        pe_tile_new_unq1_test_opt_reg_DataWidth1_0                                     7               13.054                0.000                0.529                6.527                5.998                0.000                0.000                0.000                0.000
  test_pe/test_opt_reg_e                                        pe_tile_new_unq1_test_opt_reg_DataWidth1_2                                     7               13.054                0.000                0.529                6.527                5.998                0.000                0.000                0.000                0.000
  test_pe/test_opt_reg_f                                        pe_tile_new_unq1_test_opt_reg_DataWidth1_1                                     7               13.054                0.000                0.529                6.527                5.998                0.000                0.000                0.000                0.000
  test_pe/test_opt_reg_file                                     pe_tile_new_unq1_test_opt_reg_file_DataWidth16_0                              55              150.822                1.058                0.529               65.621               83.614                0.000                4.586                0.000                0.000
   test_pe/test_opt_reg_file/clk_gate_data_in_reg_reg_0_        pe_tile_new_unq1_SNPS_CLOCK_GATE_HIGH_test_opt_reg_file_DataWidth16_0          2                5.116                0.000                0.000                0.529                4.586                0.000                4.586                0.000                0.000
  test_pe/test_pe_comp                                          pe_tile_new_unq1_test_pe_comp_unq1_0                                        1169             1750.946                2.822               71.971             1676.153                0.000                0.000                0.000                0.000                0.000
   test_pe/test_pe_comp/GEN_ADD_0__full_add                     pe_tile_new_unq1_test_full_add_DataWidth16_0                                  51               89.082                0.000                2.646               86.436                0.000                0.000                0.000                0.000                0.000
    test_pe/test_pe_comp/GEN_ADD_0__full_add/DP_OP_5J2_122_5729 pe_tile_new_unq1_test_full_add_DataWidth16_DP_OP_5J2_122_5729_J2_0_0          51               89.082                0.000                2.646               86.436                0.000                0.000                0.000                0.000                0.000
   test_pe/test_pe_comp/cmpr                                    pe_tile_new_unq1_test_cmpr_0                                                   7                8.114                0.000                0.529                7.585                0.000                0.000                0.000                0.000                0.000
   test_pe/test_pe_comp/test_mult_add                           pe_tile_new_unq1_test_mult_add_DataWidth16_0                                 647             1182.056                0.706               20.110             1161.241                0.000                0.000                0.000                0.000                0.000
    test_pe/test_pe_comp/test_mult_add/mult_x_1                 pe_tile_new_unq1_test_mult_add_DataWidth16_DW_mult_tc_1_0                    645             1179.940                0.706               20.110             1159.124                0.000                0.000                0.000                0.000                0.000
   test_pe/test_pe_comp/test_shifter                            pe_tile_new_unq1_test_shifter_unq1_DataWidth16_0                             162              168.815                0.706                9.526              158.584                0.000                0.000                0.000                0.000                0.000
