 
****************************************
Report : power
        -analysis_effort low
Design : pe_tile_new_unq1
Version: L-2016.03-SP5-5
Date   : Tue Oct  1 03:35:25 2019
****************************************


Library(s) Used:

    tcbn40lpbwptc (File: /tsmc40r/pdk/2019.05.21_TSMC/tcbn40lpbwp_200a/tcbn40lpbwp_200a_nldm/TSMCHOME/digital/Front_End/timing_power_noise/NLDM/tcbn40lpbwp_200a/tcbn40lpbwptc.db)
    hybrid40tt (File: /home/akashl/Hybrid-RRAM-NEMS/model/sismart/devicetest/models/liberty/nldm_hybrid40tt.db)


Operating Conditions: NCCOM   Library: tcbn40lpbwptc
Wire Load Model Mode: Inactive.


Global Operating Voltage = 1.1  
Power-specific unit information :
    Voltage Units = 1V
    Capacitance Units = 1.000000pf
    Time Units = 1ns
    Dynamic Power Units = 1mW    (derived from V,C,T units)
    Leakage Power Units = 1nW

Warning: Cannot report correlated power unless power prediction mode is set. (PWR-727)
Power Breakdown
---------------

                             Cell        Driven Net  Tot Dynamic      Cell
                             Internal    Switching   Power (mW)       Leakage
Cell                         Power (mW)  Power (mW)  (% Cell/Tot)     Power (nW)
--------------------------------------------------------------------------------
Netlist Power                   1.5336      1.3350   2.869e+00 (53%)  1.080e+03
Estimated Clock Tree Power   N/A         N/A          (N/A)           N/A
--------------------------------------------------------------------------------

                 Internal         Switching           Leakage            Total
Power Group      Power            Power               Power              Power   (   %    )  Attrs
--------------------------------------------------------------------------------------------------
io_pad             0.0000            0.0000            0.0000            0.0000  (   0.00%)
memory             0.0000            0.0000            0.0000            0.0000  (   0.00%)
black_box      1.6473e-02        6.5997e-02          130.3836        8.2601e-02  (   2.88%)
clock_network  8.6169e-02            0.1719           10.9528            0.2581  (   8.99%)
register           1.0319        9.8988e-03          241.9878            1.0420  (  36.31%)
sequential         0.0000            0.0000            0.0000            0.0000  (   0.00%)
combinational      0.3991            1.0873          696.5389            1.4871  (  51.82%)
--------------------------------------------------------------------------------------------------
Total              1.5336 mW         1.3350 mW     1.0799e+03 nW         2.8698 mW
1
